[2m13:07:41[22m [34m[types][39m Generated [2m239ms[22m
[2m13:07:41[22m [34m[build][39m output: [34m"static"[39m
[2m13:07:41[22m [34m[build][39m mode: [34m"static"[39m
[2m13:07:41[22m [34m[build][39m directory: [34mC:\Users\saberoconsultinglanding\sabero-consulting\dist\[39m
[2m13:07:41[22m [34m[build][39m Collecting build info...
[2m13:07:41[22m [34m[build][39m [32m✓ Completed in 313ms.[39m
[2m13:07:41[22m [34m[build][39m Building static entrypoints...
^C